Y
N
N
N
N
N
Y
Y
Y
Y
Y
Y
Y
N
N
Y
Y
N
Y
Y
N
Y
N
